// Jest Snapshot v1, https://goo.gl/fbAQLP

exports[`NewsPage renders correctly 1`] = `
<div
  className="container"
>
  <section
    className="section"
  >
    <div
      className="level is-mobile"
    >
      <div
        className="level-left"
      >
        <div
          className="level-item"
        >
          <h1
            className="title is-3"
          >
            Recent News
          </h1>
        </div>
      </div>
    </div>
  </section>
</div>
`;
